<?xml version="1.0" encoding="UTF-8"?>
<dataset>
    <apps id="11" name="test app 11" user_id="10"  />
</dataset>
