<?xml version="1.0" encoding="UTF-8"?>
<dataset>
    <users id="11" name="test user 11" email="test11@test.com" />
    <users id="12" name="test user 12" email="test12@test.com" />
</dataset>
