<?xml version="1.0" encoding="UTF-8"?>
<dataset>
    <apps name="test app 10" user_id="10"  />
    <apps id="11" name="test app 11" user_id="10"  />
    <apps name="app test" type="ANDROID" user_id="10"  />
</dataset>
